I'm sorry, but errors were detected in your script. Please correct the
errors listed below, and try again.


File "game/script.rpy", line 29: expected statement.
    boolean = True
            ^

Ren'Py Version: Ren'Py 8.3.7.25031702
Sun Mar 23 11:44:39 2025
